Error    
Error
Error
Error
eRROR 
ERRor